"teste",
"carta",
"avião",
"longa",
"cesta",
"muito",
"longo",
"áéíóú",
"canto",
"festa",
"teste",
"palco",
